CLI: "-a", "-b"
Value count: 0
Values: 
Error count: 1
Subcommand: 
switchA=True
argumentB=
