CLI: -a -b Value of B with spaces
Value count: 0
Values: 
Error count: 0
Subcommand: 
switchA=True
argumentB=Value of B with spaces
