CLI: 
Value count: 0
Values: 
Error count: 0
Subcommand: 
switchA=False
argumentB=
