CLI: "-a", "\--argument-b", "Escaping long option name"
Value count: 2
Values: "--argument-b", "Escaping long option name"
Error count: 0
Subcommand: 
switchA=True
argumentB=
multiargC=
