CLI: "-c", "abc", "def", "ghi", "\-", "The minus sign is escaped"
Value count: 0
Values: 
Error count: 0
Subcommand: 
switchA=False
argumentB=
multiargC=abc def ghi - The minus sign is escaped
