CLI: "-b", "Argument", "--multi-argument=-", "Ignore eoa if it's the first argument"
Value count: 0
Values: 
Error count: 0
Subcommand: 
switchA=False
argumentB=Argument
multiargC=- Ignore eoa if it's the first argument
