CLI: "--argument-b", "Escaping long option name", "\--switch-a"
Value count: 1
Values: "--switch-a"
Error count: 0
Subcommand: 
switchA=False
argumentB=Escaping long option name
multiargC=
