CLI: "-c", "abc", "def", "ghi", "--switch-a", "sub-command", "This should succeed"
Value count: 1
Values: "This should succeed"
Error count: 0
Subcommand: sub-command
switchA=True
argumentB=
multiargC=abc def ghi
sub-command_argumentD=
sub-command_switchE=False
sub-command_switchA2=False
