CLI: "-h", "abc", "def", "ghi", "klm"
Value count: 1
Values: "klm"
Error count: 0
Subcommand: 
argumentF=
argumentG=
multiArgumentH=abc def ghi
multiArgumentI=
