CLI: "--argument-b", "-since_singlearg_option_allways_take_next_arg_as_value__this_is_safe", "\-but_not_this"
Value count: 1
Values: "-but_not_this"
Error count: 0
Subcommand: 
switchA=False
argumentB=-since_singlearg_option_allways_take_next_arg_as_value__this_is_safe
