CLI: "-c", "An exclusive group will NOT", "-d", "accept the presence of more than one sub option"
Value count: 0
Values: 
Error count: 1
Subcommand: 
groupJ=
switchA=False
argumentB=
groupK=multiargC
multiargC=An exclusive group will NOT
argumentD=
groupL=
groupM=
switchE=False
argumentF=
groupN=
argumentG=
multiArgumentH=
