CLI: "msg", "Testing number range validation (min)", "--positive", "-1"
Value count: 1
Values: "Testing number range validation (min)"
Error count: 1
Subcommand: msg
argumentNumber=
argumentNumberPositive=
argumentNumberNegative=
argumentNumberRange=
argumentNumberNegativeRange=
argumentSelect=
argumentNumberSelect=
fileEndsWith=
