CLI: "sc", "--argument-b=", "--", "This is empty but fine"
Value count: 1
Values: "This is empty but fine"
Error count: 0
Subcommand: sub
switchA=False
argumentB=
switchB=False
sub_argumentD=
sub_switchE=False
sub_switchA2=False
