CLI: "values", "--argument-b", "And its value", "--", "This should be ok"
Value count: 1
Values: "This should be ok"
Error count: 0
Subcommand: values
switchA=False
argumentB=And its value
switchB=False
