CLI: "-a", "sub", "-e"
Value count: 0
Values: 
Error count: 0
Subcommand: sub
switchA=True
argumentB=
switchB=False
sub_argumentD=
sub_switchE=True
sub_switchA2=False
