CLI: "-a"
Value count: 0
Values: 
Error count: 0
Subcommand: 
switchA=True
argumentB=
switchB=False
