CLI: "-c", "abc", "def", "ghi", "-a", "sub", "This should succeed"
Value count: 1
Values: "This should succeed"
Error count: 0
Subcommand: sub
switchA=True
argumentB=
multiargC=abc def ghi
sub_argumentD=
sub_switchE=False
sub_switchA2=False
