CLI: "--", "The simple positional argument... and a non-positive integer value", "0"
Value count: 1
Values: "The simple positional argument... and a non-positive integer value"
Error count: 1
Subcommand: 
