CLI: 
Value count: 0
Values: 
Error count: 0
Subcommand: 
groupJ=
switchA=False
argumentB=
groupK=
multiargC=
argumentD=
groupL=
groupM=
switchE=False
argumentF=
groupN=
argumentG=
multiArgumentH=
